2026-10-06 21:55:02,792 INFO scrapers.books_scraper: Processing books page 1: https://books.toscrape.com/
2026-10-06 21:55:03,955 INFO scrapers.books_scraper: Processing books page 2: https://books.toscrape.com/catalogue/page-2.html
2026-10-06 21:55:05,281 INFO scrapers.books_scraper: Processing books page 3: https://books.toscrape.com/catalogue/page-3.html
2026-10-06 21:55:06,431 INFO scrapers.books_scraper: Processing books page 4: https://books.toscrape.com/catalogue/page-4.html
2026-10-06 21:55:07,675 INFO scrapers.books_scraper: Processing books page 5: https://books.toscrape.com/catalogue/page-5.html
2026-10-06 21:55:08,838 INFO scrapers.books_scraper: Processing books page 6: https://books.toscrape.com/catalogue/page-6.html
2026-10-06 21:55:10,009 INFO scrapers.books_scraper: Processing books page 7: https://books.toscrape.com/catalogue/page-7.html
2026-10-06 21:55:11,187 INFO scrapers.books_scraper: Processing books page 8: https://books.toscrape.com/catalogue/page-8.html
2026-10-06 21:55:12,479 INFO scrapers.books_scraper: Processing books page 9: https://books.toscrape.com/catalogue/page-9.html
2026-10-06 21:55:13,751 INFO scrapers.books_scraper: Processing books page 10: https://books.toscrape.com/catalogue/page-10.html
2026-10-06 21:55:14,934 INFO scrapers.books_scraper: Processing books page 11: https://books.toscrape.com/catalogue/page-11.html
2026-10-06 21:55:16,146 INFO scrapers.books_scraper: Processing books page 12: https://books.toscrape.com/catalogue/page-12.html
2026-10-06 21:55:17,332 INFO scrapers.books_scraper: Processing books page 13: https://books.toscrape.com/catalogue/page-13.html
2026-10-06 21:55:18,550 INFO scrapers.books_scraper: Processing books page 14: https://books.toscrape.com/catalogue/page-14.html
2026-10-06 21:55:19,714 INFO scrapers.books_scraper: Processing books page 15: https://books.toscrape.com/catalogue/page-15.html
2026-10-06 21:55:20,869 INFO scrapers.books_scraper: Processing books page 16: https://books.toscrape.com/catalogue/page-16.html
2026-10-06 21:55:22,075 INFO scrapers.books_scraper: Processing books page 17: https://books.toscrape.com/catalogue/page-17.html
2026-10-06 21:55:23,304 INFO scrapers.books_scraper: Processing books page 18: https://books.toscrape.com/catalogue/page-18.html
2026-10-06 21:55:24,481 INFO scrapers.books_scraper: Processing books page 19: https://books.toscrape.com/catalogue/page-19.html
2026-10-06 21:55:25,650 INFO scrapers.books_scraper: Processing books page 20: https://books.toscrape.com/catalogue/page-20.html
2026-10-06 21:55:26,831 INFO scrapers.books_scraper: Processing books page 21: https://books.toscrape.com/catalogue/page-21.html
2026-10-06 21:55:27,990 INFO scrapers.books_scraper: Processing books page 22: https://books.toscrape.com/catalogue/page-22.html
2026-10-06 21:55:29,274 INFO scrapers.books_scraper: Processing books page 23: https://books.toscrape.com/catalogue/page-23.html
2026-10-06 21:55:30,445 INFO scrapers.books_scraper: Processing books page 24: https://books.toscrape.com/catalogue/page-24.html
2026-10-06 21:55:31,675 INFO scrapers.books_scraper: Processing books page 25: https://books.toscrape.com/catalogue/page-25.html
2026-10-06 21:55:32,949 INFO scrapers.books_scraper: Processing books page 26: https://books.toscrape.com/catalogue/page-26.html
2026-10-06 21:55:34,152 INFO scrapers.books_scraper: Processing books page 27: https://books.toscrape.com/catalogue/page-27.html
2026-10-06 21:55:35,350 INFO scrapers.books_scraper: Processing books page 28: https://books.toscrape.com/catalogue/page-28.html
2026-10-06 21:55:36,635 INFO scrapers.books_scraper: Processing books page 29: https://books.toscrape.com/catalogue/page-29.html
2026-10-06 21:55:37,912 INFO scrapers.books_scraper: Processing books page 30: https://books.toscrape.com/catalogue/page-30.html
2026-10-06 21:55:39,197 INFO scrapers.books_scraper: Processing books page 31: https://books.toscrape.com/catalogue/page-31.html
2026-10-06 21:55:40,363 INFO scrapers.books_scraper: Processing books page 32: https://books.toscrape.com/catalogue/page-32.html
2026-10-06 21:55:41,520 INFO scrapers.books_scraper: Processing books page 33: https://books.toscrape.com/catalogue/page-33.html
2026-10-06 21:55:42,709 INFO scrapers.books_scraper: Processing books page 34: https://books.toscrape.com/catalogue/page-34.html
2026-10-06 21:55:43,990 INFO scrapers.books_scraper: Processing books page 35: https://books.toscrape.com/catalogue/page-35.html
2026-10-06 21:55:45,170 INFO scrapers.books_scraper: Processing books page 36: https://books.toscrape.com/catalogue/page-36.html
2026-10-06 21:55:46,359 INFO scrapers.books_scraper: Processing books page 37: https://books.toscrape.com/catalogue/page-37.html
2026-10-06 21:55:47,520 INFO scrapers.books_scraper: Processing books page 38: https://books.toscrape.com/catalogue/page-38.html
2026-10-06 21:55:48,790 INFO scrapers.books_scraper: Processing books page 39: https://books.toscrape.com/catalogue/page-39.html
2026-10-06 21:55:50,061 INFO scrapers.books_scraper: Processing books page 40: https://books.toscrape.com/catalogue/page-40.html
2026-10-06 21:55:51,218 INFO scrapers.books_scraper: Processing books page 41: https://books.toscrape.com/catalogue/page-41.html
2026-10-06 21:55:52,469 INFO scrapers.books_scraper: Processing books page 42: https://books.toscrape.com/catalogue/page-42.html
2026-10-06 21:55:53,665 INFO scrapers.books_scraper: Processing books page 43: https://books.toscrape.com/catalogue/page-43.html
2026-10-06 21:55:54,829 INFO scrapers.books_scraper: Processing books page 44: https://books.toscrape.com/catalogue/page-44.html
2026-10-06 21:55:56,164 INFO scrapers.books_scraper: Processing books page 45: https://books.toscrape.com/catalogue/page-45.html
2026-10-06 21:55:57,343 INFO scrapers.books_scraper: Processing books page 46: https://books.toscrape.com/catalogue/page-46.html
2026-10-06 21:55:58,555 INFO scrapers.books_scraper: Processing books page 47: https://books.toscrape.com/catalogue/page-47.html
2026-10-06 21:55:59,729 INFO scrapers.books_scraper: Processing books page 48: https://books.toscrape.com/catalogue/page-48.html
2026-10-06 21:56:00,950 INFO scrapers.books_scraper: Processing books page 49: https://books.toscrape.com/catalogue/page-49.html
2026-10-06 21:56:02,227 INFO scrapers.books_scraper: Processing books page 50: https://books.toscrape.com/catalogue/page-50.html
2026-10-06 21:56:02,237 INFO __main__: Collected 1000 raw records from Books to Scrape
2026-10-06 21:56:03,832 INFO scrapers.quotes_scraper: Processing quotes page 1: https://quotes.toscrape.com/
2026-10-06 21:56:04,686 INFO scrapers.quotes_scraper: Processing quotes page 2: https://quotes.toscrape.com/page/2/
2026-10-06 21:56:05,575 INFO scrapers.quotes_scraper: Processing quotes page 3: https://quotes.toscrape.com/page/3/
2026-10-06 21:56:06,541 INFO scrapers.quotes_scraper: Processing quotes page 4: https://quotes.toscrape.com/page/4/
2026-10-06 21:56:07,499 INFO scrapers.quotes_scraper: Processing quotes page 5: https://quotes.toscrape.com/page/5/
2026-10-06 21:56:08,347 INFO scrapers.quotes_scraper: Processing quotes page 6: https://quotes.toscrape.com/page/6/
2026-10-06 21:56:09,216 INFO scrapers.quotes_scraper: Processing quotes page 7: https://quotes.toscrape.com/page/7/
2026-10-06 21:56:10,058 INFO scrapers.quotes_scraper: Processing quotes page 8: https://quotes.toscrape.com/page/8/
2026-10-06 21:56:10,899 INFO scrapers.quotes_scraper: Processing quotes page 9: https://quotes.toscrape.com/page/9/
2026-10-06 21:56:11,744 INFO scrapers.quotes_scraper: Processing quotes page 10: https://quotes.toscrape.com/page/10/
2026-10-06 21:56:11,748 INFO __main__: Collected 100 raw records from Quotes to Scrape
2026-10-06 21:56:11,812 INFO __main__: Finished: 1099 final records, 0 rejected, 1 duplicates
